// Jest Snapshot v1, https://goo.gl/fbAQLP

exports[`Quote component matches the snapshot 1`] = `
Array [
  <nav
    className="nav"
  >
    <h1
      className="head"
    >
      Math Magicians
    </h1>
    <div
      className="links"
    >
      <a
        exact={true}
        href="/"
        onClick={[Function]}
      >
        Home
         
      </a>
      <a
        className="mid_link"
        href="/quote"
        onClick={[Function]}
      >
        Quote
         
      </a>
      <a
        href="/calculator"
        onClick={[Function]}
      >
        Calculator 
      </a>
    </div>
  </nav>,
  <p>
     
    Mathematics is not about numbers, equations, computations, or algorithms: it is about understanding. â€“William Paul Thurston
  </p>,
]
`;
