// Jest Snapshot v1, https://goo.gl/fbAQLP

exports[`Button component matches the snapshot 1`] = `
<button
  className="button orange normal"
  onClick={[Function]}
  type="button"
>
  1
</button>
`;
